Cleaning mbed
make[1]: Entering directory 'C:/Users/Matth/Desktop/Personal/equipment_and_tools/Carvera_CNC/Carvera_Community_Firmware/mbed'
Cleaning src
make[2]: Entering directory 'C:/Users/Matth/Desktop/Personal/equipment_and_tools/Carvera_CNC/Carvera_Community_Firmware/mbed/src'
Cleaning mbed-lpc1768.mk
make[3]: Entering directory 'C:/Users/Matth/Desktop/Personal/equipment_and_tools/Carvera_CNC/Carvera_Community_Firmware/mbed/src'
make[3]: Leaving directory 'C:/Users/Matth/Desktop/Personal/equipment_and_tools/Carvera_CNC/Carvera_Community_Firmware/mbed/src'
Cleaning ../drop
make[2]: Leaving directory 'C:/Users/Matth/Desktop/Personal/equipment_and_tools/Carvera_CNC/Carvera_Community_Firmware/mbed/src'
make[1]: Leaving directory 'C:/Users/Matth/Desktop/Personal/equipment_and_tools/Carvera_CNC/Carvera_Community_Firmware/mbed'
Cleaning mri
make[1]: Entering directory 'C:/Users/Matth/Desktop/Personal/equipment_and_tools/Carvera_CNC/Carvera_Community_Firmware/mri'
Cleaning MRI
make[1]: Leaving directory 'C:/Users/Matth/Desktop/Personal/equipment_and_tools/Carvera_CNC/Carvera_Community_Firmware/mri'
Cleaning src
make[1]: Entering directory 'C:/Users/Matth/Desktop/Personal/equipment_and_tools/Carvera_CNC/Carvera_Community_Firmware/src'
**NOTE** Excluding modules tools/drillingcycles tools/spindle
Cleaning up for device lpc1768
make[2]: Entering directory 'C:/Users/Matth/Desktop/Personal/equipment_and_tools/Carvera_CNC/Carvera_Community_Firmware/src'
Cleaning up all build generated files
make[2]: Leaving directory 'C:/Users/Matth/Desktop/Personal/equipment_and_tools/Carvera_CNC/Carvera_Community_Firmware/src'
make[1]: Leaving directory 'C:/Users/Matth/Desktop/Personal/equipment_and_tools/Carvera_CNC/Carvera_Community_Firmware/src'
make[1]: Entering directory 'C:/Users/Matth/Desktop/Personal/equipment_and_tools/Carvera_CNC/Carvera_Community_Firmware/mbed'
Building src
make[2]: Entering directory 'C:/Users/Matth/Desktop/Personal/equipment_and_tools/Carvera_CNC/Carvera_Community_Firmware/mbed/src'
Deploying cpp/AnalogIn.h to drop
Deploying cpp/AnalogOut.h to drop
Deploying cpp/BusIn.h to drop
Deploying cpp/BusInOut.h to drop
Deploying cpp/BusOut.h to drop
Deploying cpp/CAN.h to drop
Deploying cpp/DigitalIn.h to drop
Deploying cpp/DigitalInOut.h to drop
Deploying cpp/DigitalOut.h to drop
Deploying cpp/DirHandle.h to drop
Deploying cpp/Ethernet.h to drop
Deploying cpp/FileBase.h to drop
Deploying cpp/FileHandle.h to drop
Deploying cpp/FileLike.h to drop
Deploying cpp/FilePath.h to drop
Deploying cpp/FileSystemLike.h to drop
Deploying cpp/FunctionPointer.h to drop
Deploying cpp/I2C.h to drop
Deploying cpp/I2CSlave.h to drop
Deploying cpp/InterruptIn.h to drop
Deploying cpp/LocalFileSystem.h to drop
Deploying cpp/PortIn.h to drop
Deploying cpp/PortInOut.h to drop
Deploying cpp/PortOut.h to drop
Deploying cpp/PwmOut.h to drop
Deploying cpp/SPI.h to drop
Deploying cpp/SPISlave.h to drop
Deploying cpp/Serial.h to drop
Deploying cpp/Stream.h to drop
Deploying cpp/Ticker.h to drop
Deploying cpp/Timeout.h to drop
Deploying cpp/Timer.h to drop
Deploying cpp/TimerEvent.h to drop
Deploying cpp/mbed.h to drop
Deploying cpp/platform.h to drop
Deploying capi/analogin_api.h to drop
Deploying capi/analogout_api.h to drop
Deploying capi/can_api.h to drop
Deploying capi/can_helper.h to drop
Deploying capi/error.h to drop
Deploying capi/ethernet_api.h to drop
Deploying capi/gpio_api.h to drop
Deploying capi/gpio_irq_api.h to drop
Deploying capi/i2c_api.h to drop
Deploying capi/mbed_debug.h to drop
Deploying capi/mbed_interface.h to drop
Deploying capi/pinmap.h to drop
Deploying capi/port_api.h to drop
Deploying capi/pwmout_api.h to drop
Deploying capi/rtc_api.h to drop
Deploying capi/rtc_time.h to drop
Deploying capi/semihost_api.h to drop
Deploying capi/serial_api.h to drop
Deploying capi/sleep_api.h to drop
Deploying capi/spi_api.h to drop
Deploying capi/toolchain.h to drop
Deploying capi/us_ticker_api.h to drop
Deploying capi/wait_api.h to drop
Building mbed-lpc1768.mk
make[3]: Entering directory 'C:/Users/Matth/Desktop/Personal/equipment_and_tools/Carvera_CNC/Carvera_Community_Firmware/mbed/src'
Compiling vendor/NXP/capi/PinNames.c
Compiling vendor/NXP/capi/analogin_api.c
Compiling vendor/NXP/capi/analogout_api.c
Compiling vendor/NXP/capi/board.c
Compiling vendor/NXP/capi/can_api.c
Compiling vendor/NXP/capi/gpio_api.c
Compiling vendor/NXP/capi/gpio_irq_api.c
Compiling vendor/NXP/capi/i2c_api.c
Compiling vendor/NXP/capi/pinmap.c
Compiling vendor/NXP/capi/port_api.c
Compiling vendor/NXP/capi/pwmout_api.c
Compiling vendor/NXP/capi/rtc_api.c
Compiling vendor/NXP/capi/semihost.c
Compiling vendor/NXP/capi/serial_api.c
Compiling vendor/NXP/capi/sleep.c
Compiling vendor/NXP/capi/spi_api.c
Compiling vendor/NXP/capi/us_ticker_api.c
Compiling vendor/NXP/cmsis/LPC1768/cmsis_nvic.c
Compiling vendor/NXP/cmsis/LPC1768/core_cm3.c
Compiling vendor/NXP/cmsis/LPC1768/system_LPC17xx.c
Compiling capi/exit.c
Compiling capi/mbed_interface.c
Compiling capi/pinmap_common.c
Compiling capi/rtc_time.c
Compiling capi/semihost_api.c
Compiling capi/wait_api.c
Assembling vendor/NXP/cmsis/LPC1768/GCC_ARM/startup_LPC17xx.s
Compiling cpp/BusIn.cpp
Compiling cpp/BusInOut.cpp
Compiling cpp/BusOut.cpp
Compiling cpp/CAN.cpp
Compiling cpp/Ethernet.cpp
Compiling cpp/FileBase.cpp
Compiling cpp/FileLike.cpp
Compiling cpp/FilePath.cpp
Compiling cpp/FileSystemLike.cpp
Compiling cpp/FunctionPointer.cpp
Compiling cpp/I2C.cpp
Compiling cpp/I2CSlave.cpp
Compiling cpp/InterruptIn.cpp
Compiling cpp/LocalFileSystem.cpp
Compiling cpp/SPI.cpp
Compiling cpp/SPISlave.cpp
Compiling cpp/Serial.cpp
Compiling cpp/Stream.cpp
Compiling cpp/Ticker.cpp
Compiling cpp/Timeout.cpp
Compiling cpp/Timer.cpp
Compiling cpp/TimerEvent.cpp
Compiling cpp/stdio.cpp
Compiling vendor/NXP/capi/PinNames.c
Compiling vendor/NXP/capi/analogin_api.c
Compiling vendor/NXP/capi/analogout_api.c
Compiling vendor/NXP/capi/board.c
Compiling vendor/NXP/capi/can_api.c
Compiling vendor/NXP/capi/gpio_api.c
Compiling vendor/NXP/capi/gpio_irq_api.c
Compiling vendor/NXP/capi/i2c_api.c
Compiling vendor/NXP/capi/pinmap.c
Compiling vendor/NXP/capi/port_api.c
Compiling vendor/NXP/capi/pwmout_api.c
Compiling vendor/NXP/capi/rtc_api.c
Compiling vendor/NXP/capi/semihost.c
Compiling vendor/NXP/capi/serial_api.c
Compiling vendor/NXP/capi/sleep.c
Compiling vendor/NXP/capi/spi_api.c
Compiling vendor/NXP/capi/us_ticker_api.c
Compiling vendor/NXP/cmsis/LPC1768/cmsis_nvic.c
Compiling vendor/NXP/cmsis/LPC1768/core_cm3.c
Compiling vendor/NXP/cmsis/LPC1768/system_LPC17xx.c
Compiling capi/exit.c
Compiling capi/mbed_interface.c
Compiling capi/pinmap_common.c
Compiling capi/rtc_time.c
Compiling capi/semihost_api.c
Compiling capi/wait_api.c
Assembling vendor/NXP/cmsis/LPC1768/GCC_ARM/startup_LPC17xx.s
Compiling cpp/BusIn.cpp
Compiling cpp/BusInOut.cpp
Compiling cpp/BusOut.cpp
Compiling cpp/CAN.cpp
Compiling cpp/Ethernet.cpp
Compiling cpp/FileBase.cpp
Compiling cpp/FileLike.cpp
Compiling cpp/FilePath.cpp
Compiling cpp/FileSystemLike.cpp
Compiling cpp/FunctionPointer.cpp
Compiling cpp/I2C.cpp
Compiling cpp/I2CSlave.cpp
Compiling cpp/InterruptIn.cpp
Compiling cpp/LocalFileSystem.cpp
Compiling cpp/SPI.cpp
Compiling cpp/SPISlave.cpp
Compiling cpp/Serial.cpp
Compiling cpp/Stream.cpp
Compiling cpp/Ticker.cpp
Compiling cpp/Timeout.cpp
Compiling cpp/Timer.cpp
Compiling cpp/TimerEvent.cpp
Compiling cpp/stdio.cpp
Deploying vendor/NXP/capi/LPC1768/PeripheralNames.h to drop
Deploying vendor/NXP/capi/LPC1768/PinNames.h to drop
Deploying vendor/NXP/capi/LPC1768/PortNames.h to drop
Deploying vendor/NXP/capi/LPC1768/device.h to drop
Deploying vendor/NXP/capi/LPC1768/gpio_object.h to drop
Deploying vendor/NXP/capi/LPC1768/objects.h to drop
Deploying vendor/NXP/cmsis/LPC1768/LPC17xx.h to drop
Deploying vendor/NXP/cmsis/LPC1768/cmsis.h to drop
Deploying vendor/NXP/cmsis/LPC1768/cmsis_nvic.h to drop
Deploying vendor/NXP/cmsis/LPC1768/core_cm3.h to drop
Deploying vendor/NXP/cmsis/LPC1768/core_cmFunc.h to drop
Deploying vendor/NXP/cmsis/LPC1768/core_cmInstr.h to drop
Deploying vendor/NXP/cmsis/LPC1768/system_LPC17xx.h to drop
Exporting linker script to ../drop/LPC1768/GCC_ARM/LPC1768.ld
        1 file(s) copied.
Linking release library ../drop/LPC1768/GCC_ARM/libmbed.a
Linking debug library ../drop/LPC1768/GCC_ARM/Debug/libmbed.a
make[3]: Leaving directory 'C:/Users/Matth/Desktop/Personal/equipment_and_tools/Carvera_CNC/Carvera_Community_Firmware/mbed/src'
make[2]: Leaving directory 'C:/Users/Matth/Desktop/Personal/equipment_and_tools/Carvera_CNC/Carvera_Community_Firmware/mbed/src'
make[1]: Leaving directory 'C:/Users/Matth/Desktop/Personal/equipment_and_tools/Carvera_CNC/Carvera_Community_Firmware/mbed'
make[1]: Entering directory 'C:/Users/Matth/Desktop/Personal/equipment_and_tools/Carvera_CNC/Carvera_Community_Firmware/mri'
Compiling core/buffer.c for no FPU
Compiling core/cmd_break_watch.c for no FPU
Compiling core/cmd_common.c for no FPU
Compiling core/cmd_continue.c for no FPU
Compiling core/cmd_file.c for no FPU
Compiling core/cmd_memory.c for no FPU
Compiling core/cmd_query.c for no FPU
Compiling core/cmd_registers.c for no FPU
Compiling core/cmd_step.c for no FPU
Compiling core/cmd_thread.c for no FPU
Compiling core/cmd_vcont.c for no FPU
Compiling core/context.c for no FPU
Compiling core/gdb_console.c for no FPU
Compiling core/libc.c for no FPU
Compiling core/memory.c for no FPU
Compiling core/mri.c for no FPU
Compiling core/packet.c for no FPU
Compiling core/token.c for no FPU
Compiling core/try_catch.c for no FPU
Compiling rtos/rtos_weak.c for no FPU
Compiling semihost/semihost.c for no FPU
Compiling semihost/newlib/semihost_newlib.c for no FPU
Assembling semihost/newlib/newlib_stubs.S for no FPU
Compiling semihost/arm/semihost_arm.c for no FPU
Compiling architectures/armv7-m/armv7-m.c for no FPU
Assembling architectures/armv7-m/armv7-m_asm.S for no FPU
Compiling memory/native/native-mem.c for no FPU
Compiling devices/lpc176x/lpc176x_init.c for no FPU
Compiling devices/lpc176x/lpc176x_uart.c for no FPU
Assembling devices/lpc176x/lpc176x_asm.S for no FPU
Compiling boards/mbed1768/mbed1768.c for no FPU
Assembling boards/mbed1768/mbed1768_asm.S for no FPU
Building lib/armv7-m/libmri_mbed1768.a
make[1]: Leaving directory 'C:/Users/Matth/Desktop/Personal/equipment_and_tools/Carvera_CNC/Carvera_Community_Firmware/mri'
Building Smoothie
make[1]: Entering directory 'C:/Users/Matth/Desktop/Personal/equipment_and_tools/Carvera_CNC/Carvera_Community_Firmware/src'
**NOTE** Excluding modules tools/filamentdetector tools/scaracal tools/extruder tools/rotarydeltacalibration
Building for device lpc1768
make[2]: Entering directory 'C:/Users/Matth/Desktop/Personal/equipment_and_tools/Carvera_CNC/Carvera_Community_Firmware/src'
Compiling modules/utils/player/quicklz.c
Compiling libs/ChaNFS/CHAN_FS/option/ccsbcs.c
Compiling libs/LPC17xx/LPC17xxLib/src/lpc17xx_adc.c
Compiling libs/LPC17xx/LPC17xxLib/src/lpc17xx_can.c
Compiling libs/LPC17xx/LPC17xxLib/src/lpc17xx_clkpwr.c
Compiling libs/LPC17xx/LPC17xxLib/src/lpc17xx_dac.c
Compiling libs/LPC17xx/LPC17xxLib/src/lpc17xx_debug_frmwrk.c
Compiling libs/LPC17xx/LPC17xxLib/src/lpc17xx_emac.c
Compiling libs/LPC17xx/LPC17xxLib/src/lpc17xx_exti.c
Compiling libs/LPC17xx/LPC17xxLib/src/lpc17xx_gpdma.c
Compiling libs/LPC17xx/LPC17xxLib/src/lpc17xx_gpio.c
Compiling libs/LPC17xx/LPC17xxLib/src/lpc17xx_i2c.c
Compiling libs/LPC17xx/LPC17xxLib/src/lpc17xx_i2s.c
Compiling libs/LPC17xx/LPC17xxLib/src/lpc17xx_libcfg_default.c
Compiling libs/LPC17xx/LPC17xxLib/src/lpc17xx_mcpwm.c
Compiling libs/LPC17xx/LPC17xxLib/src/lpc17xx_nvic.c
Compiling libs/LPC17xx/LPC17xxLib/src/lpc17xx_pinsel.c
Compiling libs/LPC17xx/LPC17xxLib/src/lpc17xx_pwm.c
Compiling libs/LPC17xx/LPC17xxLib/src/lpc17xx_qei.c
Compiling libs/LPC17xx/LPC17xxLib/src/lpc17xx_rit.c
Compiling libs/LPC17xx/LPC17xxLib/src/lpc17xx_rtc.c
Compiling libs/LPC17xx/LPC17xxLib/src/lpc17xx_spi.c
Compiling libs/LPC17xx/LPC17xxLib/src/lpc17xx_ssp.c
Compiling libs/LPC17xx/LPC17xxLib/src/lpc17xx_systick.c
Compiling libs/LPC17xx/LPC17xxLib/src/lpc17xx_timer.c
Compiling libs/LPC17xx/LPC17xxLib/src/lpc17xx_uart.c
Compiling libs/LPC17xx/LPC17xxLib/src/lpc17xx_wdt.c
Compiling main.cpp
Compiling version.cpp
Compiling libs/Adc.cpp
Compiling libs/AppendFileStream.cpp
Compiling libs/Config.cpp
Compiling libs/ConfigCache.cpp
Compiling libs/ConfigSource.cpp
Compiling libs/ConfigValue.cpp
Compiling libs/FirmwareFileSystem.cpp
Compiling libs/Hook.cpp
Compiling libs/Kernel.cpp
Compiling libs/MRI_Hooks.cpp
Compiling libs/MemoryPool.cpp
Compiling libs/Module.cpp
Compiling libs/Pin.cpp
Compiling libs/PublicData.cpp
Compiling libs/Pwm.cpp
Compiling libs/SDFAT.cpp
Compiling libs/SlowTicker.cpp
Compiling libs/SoftPWM.cpp
Compiling libs/StepTicker.cpp
Compiling libs/StepperMotor.cpp
Compiling libs/StreamOutput.cpp
Compiling libs/Vector3.cpp
Compiling libs/Watchdog.cpp
Compiling libs/ahbmalloc.cpp
Compiling libs/gpio.cpp
Compiling libs/md5.cpp
Compiling libs/platform_memory.cpp
Compiling libs/utils.cpp
Compiling libs/ADC/adc.cpp
Compiling libs/ChaNFS/FATDirHandle.cpp
Compiling libs/ChaNFS/FATFileHandle.cpp
Compiling libs/ChaNFS/FATFileSystem.cpp
Compiling libs/ConfigSources/FileConfigSource.cpp
Compiling libs/ConfigSources/FirmConfigSource.cpp
Compiling libs/USBDevice/MSCFileSystem.cpp
Compiling libs/USBDevice/USBHostCDC.cpp
Compiling modules/communication/GcodeDispatch.cpp
Compiling modules/communication/SerialConsole.cpp
Compiling modules/communication/SerialConsole2.cpp
Compiling modules/robot/Block.cpp
Compiling modules/robot/BlockQueue.cpp
Compiling modules/robot/CompensationPreprocessor.cpp
Compiling modules/robot/Conveyor.cpp
Compiling modules/robot/Planner.cpp
Compiling modules/robot/Robot.cpp
Compiling libs/ChaNFS/CHAN_FS/diskio.cpp
Compiling libs/ChaNFS/CHAN_FS/ff.cpp
Compiling libs/USBDevice/SDCard/SDCRC.cpp
Compiling libs/USBDevice/SDCard/SDFileSystem.cpp
Compiling libs/USBDevice/USBHostLite/usbhost_lpc17xx.cpp
Compiling libs/USBDevice/USBHostLite/usbhost_ms.cpp
Compiling modules/communication/utils/Gcode.cpp
Compiling modules/robot/arm_solutions/CartesianSolution.cpp
Compiling modules/tools/atc/ATCHandler.cpp
Compiling modules/tools/drillingcycles/Drillingcycles.cpp
Compiling modules/tools/endstops/Endstops.cpp
make[2]: Leaving directory 'C:/Users/Matth/Desktop/Personal/equipment_and_tools/Carvera_CNC/Carvera_Community_Firmware/src'
make[1]: Leaving directory 'C:/Users/Matth/Desktop/Personal/equipment_and_tools/Carvera_CNC/Carvera_Community_Firmware/src'
